---
http_interactions:
- request:
    method: get
    uri: http://teamcity-ruby-client:teamcity@localhost:8111/httpAuth/app/rest/builds
    body:
      encoding: US-ASCII
      string: ''
    headers:
      User-Agent:
      - TeamCity Ruby Client 0.4.0
      Accept:
      - application/json; charset=utf-8
      Content-Type:
      - application/json
      Accept-Encoding:
      - gzip;q=1.0,deflate;q=0.6,identity;q=0.3
  response:
    status:
      code: 200
      message: OK
    headers:
      Server:
      - Apache-Coyote/1.1
      Set-Cookie:
      - RememberMe=""; Expires=Thu, 01-Jan-1970 00:00:10 GMT; Path=/; HttpOnly
      - TCSESSIONID=46905FE125A0E871B212DE22A5BE026F; Path=/; HttpOnly
      Pragma:
      - no-cache
      Expires:
      - Thu, 01 Jan 1970 00:00:00 GMT
      Cache-Control:
      - no-cache
      - no-store
      Content-Type:
      - application/json
      Transfer-Encoding:
      - chunked
      Date:
      - Wed, 14 Aug 2013 14:29:57 GMT
    body:
      encoding: US-ASCII
      string: ! '{"count":6,"build":[{"id":36,"number":"4","status":"SUCCESS","buildTypeId":"BuildTests_GetBuildTests","startDate":"20130814T101733-0400","href":"/httpAuth/app/rest/builds/id:36","webUrl":"http://localhost:8111/viewLog.html?buildId=36&buildTypeId=BuildTests_GetBuildTests"},{"id":35,"number":"3","status":"SUCCESS","buildTypeId":"BuildTests_GetBuildTests","startDate":"20130814T100159-0400","href":"/httpAuth/app/rest/builds/id:35","webUrl":"http://localhost:8111/viewLog.html?buildId=35&buildTypeId=BuildTests_GetBuildTests"},{"id":34,"number":"2","status":"SUCCESS","buildTypeId":"BuildTests_GetBuildTests","startDate":"20130814T100151-0400","href":"/httpAuth/app/rest/builds/id:34","webUrl":"http://localhost:8111/viewLog.html?buildId=34&buildTypeId=BuildTests_GetBuildTests"},{"id":33,"number":"1","status":"SUCCESS","buildTypeId":"BuildTests_GetBuildTests","startDate":"20130814T100134-0400","href":"/httpAuth/app/rest/builds/id:33","webUrl":"http://localhost:8111/viewLog.html?buildId=33&buildTypeId=BuildTests_GetBuildTests"},{"id":32,"number":"2","status":"FAILURE","buildTypeId":"BuildTypeTests_GetBuildTypeWithInvestigations","startDate":"20130814T073131-0400","href":"/httpAuth/app/rest/builds/id:32","webUrl":"http://localhost:8111/viewLog.html?buildId=32&buildTypeId=BuildTypeTests_GetBuildTypeWithInvestigations"},{"id":31,"number":"1","status":"FAILURE","buildTypeId":"BuildTypeTests_GetBuildTypeWithInvestigations","startDate":"20130814T073100-0400","href":"/httpAuth/app/rest/builds/id:31","webUrl":"http://localhost:8111/viewLog.html?buildId=31&buildTypeId=BuildTypeTests_GetBuildTypeWithInvestigations"}]}'
    http_version: 
  recorded_at: Wed, 14 Aug 2013 14:29:57 GMT
- request:
    method: delete
    uri: http://teamcity-ruby-client:teamcity@localhost:8111/httpAuth/app/rest/builds/36/pin
    body:
      encoding: US-ASCII
      string: ''
    headers:
      User-Agent:
      - TeamCity Ruby Client 0.4.0
      Accept:
      - application/json; charset=utf-8
      Content-Type:
      - text/plain
  response:
    status:
      code: 204
      message: No Content
    headers:
      Server:
      - Apache-Coyote/1.1
      Set-Cookie:
      - RememberMe=""; Expires=Thu, 01-Jan-1970 00:00:10 GMT; Path=/; HttpOnly
      - TCSESSIONID=28D7D536AC7440B8A3C850BD88A017D0; Path=/; HttpOnly
      Pragma:
      - no-cache
      Expires:
      - Thu, 01 Jan 1970 00:00:00 GMT
      Cache-Control:
      - no-cache
      - no-store
      Date:
      - Wed, 14 Aug 2013 14:29:57 GMT
    body:
      encoding: US-ASCII
      string: ''
    http_version: 
  recorded_at: Wed, 14 Aug 2013 14:29:57 GMT
- request:
    method: get
    uri: http://teamcity-ruby-client:teamcity@localhost:8111/httpAuth/app/rest/builds/36/pin
    body:
      encoding: US-ASCII
      string: ''
    headers:
      User-Agent:
      - TeamCity Ruby Client 0.4.0
      Accept:
      - text/plain
      Content-Type:
      - text/plain
      Accept-Encoding:
      - gzip;q=1.0,deflate;q=0.6,identity;q=0.3
  response:
    status:
      code: 200
      message: OK
    headers:
      Server:
      - Apache-Coyote/1.1
      Set-Cookie:
      - RememberMe=""; Expires=Thu, 01-Jan-1970 00:00:10 GMT; Path=/; HttpOnly
      - TCSESSIONID=43E3F0754810575EF5CABDA467B92AE0; Path=/; HttpOnly
      Pragma:
      - no-cache
      Expires:
      - Thu, 01 Jan 1970 00:00:00 GMT
      Cache-Control:
      - no-cache
      - no-store
      Content-Type:
      - text/plain
      Transfer-Encoding:
      - chunked
      Date:
      - Wed, 14 Aug 2013 14:29:57 GMT
    body:
      encoding: US-ASCII
      string: 'false'
    http_version: 
  recorded_at: Wed, 14 Aug 2013 14:29:57 GMT
recorded_with: VCR 2.4.0
